// Jest Snapshot v1, https://goo.gl/fbAQLP

exports[`Pagination Button Matches snapshot 1`] = `
<div>
  <button
    class="sc-bdvvtL gAgHBR btn btn-primary"
    type="button"
  >
    Show More
  </button>
</div>
`;
